Initializing Hardware ...

Checking for PCIe device presence...done
System integrity status: 0x610
Rom image verified correctly


System Bootstrap, Version 16.7(3r), RELEASE SOFTWARE
Copyright (c) 1994-2018  by cisco Systems, Inc.

Current image running: Boot ROM0

Last reset cause: LocalSoft
Cisco ISR4331/K9 platform with 4194304 Kbytes of main memory



no valid BOOT image found
Final autoboot attempt from default boot device...
Located isr4300-universalk9.16.06.04.SPA.bin
#######################
Package header rev 1 structure detected
IsoSize = 550114467
Calculating SHA-1 hash...Validate package: SHA-1 hash:
        calculated 444F4D02:44C58887:D9C8942B:C557D3CF:2A14247E
        expected   444F4D02:44C58887:D9C8942B:C557D3CF:2A14247E

RSA Signed RELEASE Image Signature Verification Successful.
Image validated


              Restricted Rights Legend

Use, duplication, or disclosure by the Government is
subject to restrictions as set forth in subparagraph
(c) of the Commercial Computer Software - Restricted
Rights clause at FAR sec. 52.227-19 and subparagraph
(c) (1) (ii) of the Rights in Technical Data and Computer
Software clause at DFARS sec. 252.227-7013.

           cisco Systems, Inc.
           170 West Tasman Drive
           San Jose, California 95134-1706

Cisco IOS Software[Everest], ISR Software(X86_64_LINUX_IOSD - UNIVERSALK9 - M), Version 16.6.4, RELEASE SOFTWARE(fc3)
Technical Support : http://www.cisco.com/techsupport
Copyright(c) 1986 - 2018 by Cisco Systems, Inc.
Compiled Sun 08 - Jul - 18 04:33 by mcpre



Cisco IOS - XE software, Copyright(c) 2005 - 2018 by cisco Systems, Inc.
All rights reserved.Certain components of Cisco IOS - XE software are
licensed under the GNU General Public License("GPL") Version 2.0.The
software code licensed under GPL Version 2.0 is free software that comes
with ABSOLUTELY NO WARRANTY.You can redistribute and / or modify such
GPL code under the terms of GPL Version 2.0.For more details, see the
documentation or "License Notice" file accompanying the IOS - XE software,
or the applicable URL provided on the flyer accompanying the IOS - XE
software.



This product contains cryptographic features and is subject to United
States and local country laws governing import, export, transfer and
use. Delivery of Cisco cryptographic products does not imply
third-party authority to import, export, distribute or use encryption.
Importers, exporters, distributors and users are responsible for
compliance with U.S. and local country laws. By using this product you
agree to comply with applicable laws and regulations. If you are unable
to comply with U.S. and local laws, return this product immediately.

A summary of U.S. laws governing Cisco cryptographic products may be found at:
http://www.cisco.com/wwl/export/crypto/tool/stqrg.html

If you require further assistance please contact us by sending email to
export@cisco.com.

cisco ISR4331/K9 (1RU) processor with 1795999K/6147K bytes of memory.
Processor board ID FLM232010G0
3 Gigabit Ethernet interfaces
4 Serial interfaces
32768K bytes of non-volatile configuration memory.
4194304K bytes of physical memory.
3207167K bytes of flash memory at bootflash:.
0K bytes of WebUI ODM Files at webui:.


Press RETURN to get started!



Router>en
Router#conf t
Enter configuration commands, one per line.  End with CNTL/Z.
Router(config)#hostname RT-HH-01
RT-HH-01(config)#enable secret start
RT-HH-01(config)#ip domain-name Lernfeld9.Gruppe
RT-HH-01(config)#crypto key generate rsa
The name for the keys will be: RT-HH-01.Lernfeld9.Gruppe
Choose the size of the key modulus in the range of 360 to 4096 for your
  General Purpose Keys. Choosing a key modulus greater than 512 may take
  a few minutes.

How many bits in the modulus [512]: 2048
% Generating 2048 bit RSA keys, keys will be non-exportable...[OK]

RT-HH-01(config)#user admin privilege 155 secret admin
*Mar 1 0:30:27.760: %SSH-5-ENABLED: SSH 1.99 has been enabled
                                      ^
% Invalid input detected at '^' marker.
	
RT-HH-01(config)#user admin privilege 15 secret admin
RT-HH-01(config)#line vty 0 4
RT-HH-01(config-line)#transport input ssh
RT-HH-01(config-line)#login local
RT-HH-01(config-line)#exit
RT-HH-01(config)#line con 0
RT-HH-01(config-line)#password start 
RT-HH-01(config-line)#login
RT-HH-01(config-line)#exit
RT-HH-01(config)#ipv6 unicas
RT-HH-01(config)#ipv6 unicast-routing 
RT-HH-01(config)#interfa
RT-HH-01(config)#interface GigabitEth
RT-HH-01(config)#interface GigabitEthernet0/0/0
RT-HH-01(config-if)#des
RT-HH-01(config-if)#description Verbindung
RT-HH-01(config-if)#description Verbindung zu SW-HH-01
RT-HH-01(config-if)#no 
RT-HH-01(config-if)#no sh
RT-HH-01(config-if)#no shutdown 

RT-HH-01(config-if)#
%LINK-5-CHANGED: Interface GigabitEthernet0/0/0, changed state to up
exit
RT-HH-01(config)#inter
RT-HH-01(config)#interface Gigabit
RT-HH-01(config)#interface GigabitEthernet0/0/0.10
RT-HH-01(config-subif)#desc
RT-HH-01(config-subif)#description Gate
RT-HH-01(config-subif)#description Gatew
RT-HH-01(config-subif)#description Gatewa
RT-HH-01(config-subif)#description Gateway fuer VLAN 10 (IT)
RT-HH-01(config-subif)#encap
RT-HH-01(config-subif)#encapsulation dot
RT-HH-01(config-subif)#encapsulation dot1q 10
RT-HH-01(config-subif)#ip
RT-HH-01(config-subif)#ipv6 
RT-HH-01(config-subif)#ipv6 addres
RT-HH-01(config-subif)#ipv6 address 2001:db8:1:a::1/64
RT-HH-01(config-subif)#exit
RT-HH-01(config)#interface GigabitEthernet0/0/0.20
RT-HH-01(config-subif)#description Gateway fuer VLAN 20 (Sales)
RT-HH-01(config-subif)#enc
RT-HH-01(config-subif)#encapsulation do
RT-HH-01(config-subif)#encapsulation dot1q 20
RT-HH-01(config-subif)#ipv6 address 2001:db8:1:14::1/64
RT-HH-01(config-subif)#exit
RT-HH-01(config)#interface Serial0/1/1
RT-HH-01(config-if)#description Verbindung zu RT-HL-01 (Luebeck)
RT-HH-01(config-if)# ipv6 address 2001:db8:0:2::1/64
RT-HH-01(config-if)#no ipv6 address 2001:db8:0:2::1/64
RT-HH-01(config-if)#ipv6 address 2001:db8:0:1::1/64
RT-HH-01(config-if)#no 
RT-HH-01(config-if)#no sh
RT-HH-01(config-if)#no shutdown 

%LINK-5-CHANGED: Interface Serial0/1/1, changed state to down
RT-HH-01(config-if)#exit
RT-HH-01(config)#
%LINK-5-CHANGED: Interface GigabitEthernet0/0/0.10, changed state to up

%LINK-5-CHANGED: Interface GigabitEthernet0/0/0.20, changed state to up

RT-HH-01(config)#interface Serial0/2/0
RT-HH-01(config-if)# description Verbindung zu RT-B-01 (Berlin)
RT-HH-01(config-if)#ipv6 address 2001:db8:0:2::1/64
RT-HH-01(config-if)#no shutdown

%LINK-5-CHANGED: Interface Serial0/2/0, changed state to down
RT-HH-01(config-if)#exit
RT-HH-01(config)#interface Serial0/2/1
RT-HH-01(config-if)#description Verbindung zu RT-M-01 (Muenchen)
RT-HH-01(config-if)#ipv6 address 2001:db8:0:3::1/64
RT-HH-01(config-if)#no sh
RT-HH-01(config-if)#no shutdown 

%LINK-5-CHANGED: Interface Serial0/2/1, changed state to down
RT-HH-01(config-if)#exit
RT-HH-01(config)#end
RT-HH-01#
%SYS-5-CONFIG_I: Configured from console by console

RT-HH-01#copy
RT-HH-01#copy R
RT-HH-01#copy Running-config s
RT-HH-01#copy Running-config start
RT-HH-01#copy Running-config startup-config 
Destination filename [startup-config]? 
Building configuration...
[OK]
RT-HH-01#